mode: set
awesomeProject/writers/ReliableWriter.go:42.123,63.2 3 1
awesomeProject/writers/ReliableWriter.go:65.40,66.9 1 1
awesomeProject/writers/ReliableWriter.go:67.36,67.36 0 1
awesomeProject/writers/ReliableWriter.go:68.10,68.10 0 1
awesomeProject/writers/ReliableWriter.go:72.81,73.9 1 1
awesomeProject/writers/ReliableWriter.go:74.24,75.13 1 1
awesomeProject/writers/ReliableWriter.go:76.20,77.19 1 0
awesomeProject/writers/ReliableWriter.go:81.50,82.9 1 1
awesomeProject/writers/ReliableWriter.go:83.40,83.40 0 1
awesomeProject/writers/ReliableWriter.go:84.10,84.10 0 1
awesomeProject/writers/ReliableWriter.go:88.76,89.9 1 0
awesomeProject/writers/ReliableWriter.go:90.28,91.13 1 0
awesomeProject/writers/ReliableWriter.go:92.20,93.19 1 0
awesomeProject/writers/ReliableWriter.go:97.89,98.19 1 1
awesomeProject/writers/ReliableWriter.go:98.19,100.3 1 0
awesomeProject/writers/ReliableWriter.go:102.2,108.51 3 1
awesomeProject/writers/ReliableWriter.go:108.51,110.3 1 0
awesomeProject/writers/ReliableWriter.go:112.2,112.32 1 1
awesomeProject/writers/ReliableWriter.go:112.32,114.37 2 1
awesomeProject/writers/ReliableWriter.go:114.37,115.9 1 0
awesomeProject/writers/ReliableWriter.go:118.3,120.42 3 1
awesomeProject/writers/ReliableWriter.go:122.2,127.37 4 1
awesomeProject/writers/ReliableWriter.go:127.37,130.17 3 1
awesomeProject/writers/ReliableWriter.go:130.17,132.4 1 0
awesomeProject/writers/ReliableWriter.go:133.3,133.32 1 1
awesomeProject/writers/ReliableWriter.go:136.2,136.12 1 1
awesomeProject/writers/ReliableWriter.go:139.67,143.31 4 1
awesomeProject/writers/ReliableWriter.go:143.31,145.3 1 1
awesomeProject/writers/ReliableWriter.go:146.2,148.16 2 1
awesomeProject/writers/ReliableWriter.go:148.16,150.3 1 0
awesomeProject/writers/ReliableWriter.go:151.2,151.15 1 1
awesomeProject/writers/ReliableWriter.go:151.15,153.3 1 0
awesomeProject/writers/ReliableWriter.go:155.2,158.102 2 1
awesomeProject/writers/ReliableWriter.go:158.102,159.10 1 1
awesomeProject/writers/ReliableWriter.go:160.21,161.20 1 0
awesomeProject/writers/ReliableWriter.go:162.31,163.18 1 1
awesomeProject/writers/ReliableWriter.go:163.18,165.5 1 0
awesomeProject/writers/ReliableWriter.go:166.4,166.14 1 1
awesomeProject/writers/ReliableWriter.go:170.2,170.16 1 1
awesomeProject/writers/ReliableWriter.go:170.16,172.3 1 0
awesomeProject/writers/ReliableWriter.go:174.2,174.24 1 1
awesomeProject/writers/ReliableWriter.go:174.24,175.27 1 0
awesomeProject/writers/ReliableWriter.go:179.2,180.98 2 1
awesomeProject/writers/ReliableWriter.go:180.98,183.17 3 1
awesomeProject/writers/ReliableWriter.go:183.17,185.4 1 1
awesomeProject/writers/ReliableWriter.go:186.3,186.13 1 1
awesomeProject/writers/ReliableWriter.go:189.2,189.16 1 1
awesomeProject/writers/ReliableWriter.go:189.16,191.3 1 0
awesomeProject/writers/ReliableWriter.go:193.2,196.12 3 1
awesomeProject/writers/ReliableWriter.go:199.58,201.95 1 0
awesomeProject/writers/ReliableWriter.go:201.95,204.3 2 0
awesomeProject/writers/ReliableWriter.go:206.2,213.9 7 0
awesomeProject/writers/ReliableWriter.go:214.20,214.20 0 0
awesomeProject/writers/ReliableWriter.go:215.27,215.27 0 0
awesomeProject/writers/ReliableWriter.go:218.2,218.41 1 0
awesomeProject/writers/ReliableWriter.go:221.66,222.12 1 1
awesomeProject/writers/ReliableWriter.go:222.12,225.7 3 1
awesomeProject/writers/ReliableWriter.go:225.7,226.11 1 1
awesomeProject/writers/ReliableWriter.go:227.30,230.19 3 1
awesomeProject/writers/ReliableWriter.go:230.19,234.6 3 1
awesomeProject/writers/ReliableWriter.go:236.22,239.11 3 0
awesomeProject/writers/ReliableWriter.go:245.99,246.25 1 1
awesomeProject/writers/ReliableWriter.go:246.25,251.19 4 1
awesomeProject/writers/ReliableWriter.go:251.19,254.4 2 0
awesomeProject/writers/ReliableWriter.go:256.3,258.16 3 1
awesomeProject/writers/ReliableWriter.go:258.16,260.4 1 1
awesomeProject/writers/ReliableWriter.go:260.9,262.4 1 1
awesomeProject/writers/ReliableWriter.go:263.3,264.17 2 1
awesomeProject/writers/ReliableWriter.go:264.17,265.9 1 0
awesomeProject/writers/ReliableWriter.go:268.3,270.40 2 1
awesomeProject/writers/ReliableWriter.go:270.40,272.4 1 1
awesomeProject/writers/ReliableWriter.go:274.3,278.17 4 1
awesomeProject/writers/ReliableWriter.go:278.17,280.55 2 0
awesomeProject/writers/ReliableWriter.go:280.55,282.13 2 0
awesomeProject/writers/ReliableWriter.go:284.4,286.20 3 0
awesomeProject/writers/ReliableWriter.go:288.3,290.13 2 1
awesomeProject/writers/ReliableWriter.go:290.13,293.4 2 1
awesomeProject/writers/ReliableWriter.go:295.2,295.19 1 0
awesomeProject/writers/ReliableWriter.go:298.158,305.40 3 1
awesomeProject/writers/ReliableWriter.go:305.40,310.3 4 1
awesomeProject/writers/ReliableWriter.go:312.2,312.94 1 1
awesomeProject/writers/ReliableWriter.go:312.94,316.50 2 1
awesomeProject/writers/ReliableWriter.go:316.50,321.4 4 1
awesomeProject/writers/ReliableWriter.go:323.3,323.23 1 1
awesomeProject/writers/ReliableWriter.go:323.23,325.4 1 0
awesomeProject/writers/ReliableWriter.go:326.3,328.18 2 1
awesomeProject/writers/ReliableWriter.go:328.18,330.4 1 1
awesomeProject/writers/ReliableWriter.go:332.3,333.17 2 1
awesomeProject/writers/ReliableWriter.go:333.17,338.4 3 1
awesomeProject/writers/ReliableWriter.go:340.3,343.41 3 1
awesomeProject/writers/ReliableWriter.go:343.41,352.4 2 0
awesomeProject/writers/ReliableWriter.go:354.3,354.18 1 1
awesomeProject/writers/ReliableWriter.go:354.18,356.4 1 1
awesomeProject/writers/ReliableWriter.go:357.3,357.13 1 1
awesomeProject/writers/ReliableWriter.go:360.2,360.16 1 1
awesomeProject/writers/ReliableWriter.go:360.16,363.3 2 0
awesomeProject/writers/ReliableWriter.go:365.2,365.26 1 1
awesomeProject/writers/ScatterGatherBuffer.go:14.51,19.2 1 1
awesomeProject/writers/ScatterGatherBuffer.go:21.57,22.22 1 1
awesomeProject/writers/ScatterGatherBuffer.go:22.22,24.3 1 0
awesomeProject/writers/ScatterGatherBuffer.go:25.2,26.33 2 1
awesomeProject/writers/ScatterGatherBuffer.go:29.73,30.47 1 0
awesomeProject/writers/ScatterGatherBuffer.go:30.47,32.3 1 0
awesomeProject/writers/ScatterGatherBuffer.go:35.149,36.36 1 1
awesomeProject/writers/ScatterGatherBuffer.go:36.36,38.3 1 0
awesomeProject/writers/ScatterGatherBuffer.go:40.2,43.21 3 1
awesomeProject/writers/ScatterGatherBuffer.go:43.21,50.21 6 1
awesomeProject/writers/ScatterGatherBuffer.go:50.21,51.9 1 1
awesomeProject/writers/ScatterGatherBuffer.go:54.3,54.42 1 1
awesomeProject/writers/ScatterGatherBuffer.go:54.42,57.4 2 1
awesomeProject/writers/ScatterGatherBuffer.go:60.2,62.91 2 1
awesomeProject/writers/ScatterGatherBuffer.go:62.91,63.26 1 0
awesomeProject/writers/ScatterGatherBuffer.go:65.2,65.28 1 1
awesomeProject/writers/ScatterGatherBuffer.go:65.28,66.26 1 0
awesomeProject/writers/ScatterGatherBuffer.go:68.2,68.33 1 1
awesomeProject/writers/ScatterGatherBuffer.go:68.33,69.21 1 0
awesomeProject/writers/ScatterGatherBuffer.go:71.2,74.24 3 1
awesomeProject/writers/ScatterGatherBuffer.go:77.45,80.40 2 1
awesomeProject/writers/ScatterGatherBuffer.go:80.40,83.3 2 1
awesomeProject/writers/ScatterGatherBuffer.go:85.2,85.30 1 1
awesomeProject/writers/ScatterGatherBuffer.go:85.30,86.102 1 0
awesomeProject/writers/ScatterGatherBuffer.go:90.107,93.45 2 1
awesomeProject/writers/ScatterGatherBuffer.go:93.45,97.31 3 1
awesomeProject/writers/ScatterGatherBuffer.go:97.31,100.4 2 1
awesomeProject/writers/ScatterGatherBuffer.go:100.9,105.4 4 1
awesomeProject/writers/ScatterGatherBuffer.go:108.2,108.19 1 1
awesomeProject/writers/ScatterGatherBuffer.go:111.107,114.45 2 1
awesomeProject/writers/ScatterGatherBuffer.go:114.45,118.30 3 1
awesomeProject/writers/ScatterGatherBuffer.go:118.30,121.4 2 1
awesomeProject/writers/ScatterGatherBuffer.go:121.9,126.4 4 0
awesomeProject/writers/ScatterGatherBuffer.go:129.2,129.19 1 1
awesomeProject/writers/ScatterGatherBuffer.go:132.62,135.2 2 1
awesomeProject/writers/ScatterGatherBuffer.go:137.48,139.2 1 1
awesomeProject/writers/ScatterGatherBuffer.go:141.64,144.12 2 1
awesomeProject/writers/ScatterGatherBuffer.go:144.12,147.41 2 1
awesomeProject/writers/ScatterGatherBuffer.go:147.41,150.18 3 1
awesomeProject/writers/ScatterGatherBuffer.go:150.18,153.5 2 0
awesomeProject/writers/ScatterGatherBuffer.go:157.2,157.15 1 1
awesomeProject/writers/ScatterGatherBuffer.go:160.58,163.47 2 1
awesomeProject/writers/ScatterGatherBuffer.go:163.47,167.33 3 1
awesomeProject/writers/ScatterGatherBuffer.go:167.33,169.4 1 1
awesomeProject/writers/ScatterGatherBuffer.go:169.9,173.4 3 0
awesomeProject/writers/ScatterGatherBuffer.go:176.2,176.21 1 1
awesomeProject/writers/UnreliableGCSWriter.go:24.137,26.16 2 1
awesomeProject/writers/UnreliableGCSWriter.go:26.16,28.3 1 0
awesomeProject/writers/UnreliableGCSWriter.go:29.2,30.16 2 1
awesomeProject/writers/UnreliableGCSWriter.go:30.16,32.3 1 0
awesomeProject/writers/UnreliableGCSWriter.go:33.2,40.8 1 1
awesomeProject/writers/UnreliableGCSWriter.go:43.136,44.19 1 1
awesomeProject/writers/UnreliableGCSWriter.go:44.19,46.3 1 0
awesomeProject/writers/UnreliableGCSWriter.go:48.2,48.33 1 1
awesomeProject/writers/UnreliableGCSWriter.go:48.33,53.3 1 0
awesomeProject/writers/UnreliableGCSWriter.go:55.2,58.26 2 1
awesomeProject/writers/UnreliableGCSWriter.go:58.26,60.17 2 1
awesomeProject/writers/UnreliableGCSWriter.go:60.17,62.4 1 0
awesomeProject/writers/UnreliableGCSWriter.go:63.3,64.33 2 1
awesomeProject/writers/UnreliableGCSWriter.go:67.2,68.16 2 1
awesomeProject/writers/UnreliableGCSWriter.go:68.16,70.3 1 1
awesomeProject/writers/UnreliableGCSWriter.go:72.2,73.18 2 1
awesomeProject/writers/UnreliableGCSWriter.go:76.85,77.19 1 1
awesomeProject/writers/UnreliableGCSWriter.go:77.19,79.3 1 0
awesomeProject/writers/UnreliableGCSWriter.go:81.2,82.16 2 1
awesomeProject/writers/UnreliableGCSWriter.go:82.16,84.3 1 1
awesomeProject/writers/UnreliableGCSWriter.go:85.2,85.14 1 1
awesomeProject/writers/UnreliableGCSWriter.go:85.14,87.3 1 1
awesomeProject/writers/UnreliableGCSWriter.go:88.2,89.27 2 0
awesomeProject/writers/UnreliableGCSWriter.go:92.60,95.2 2 0
awesomeProject/writers/UnreliableLocalWriter.go:20.80,22.16 2 0
awesomeProject/writers/UnreliableLocalWriter.go:22.16,24.3 1 0
awesomeProject/writers/UnreliableLocalWriter.go:25.2,30.8 1 0
awesomeProject/writers/UnreliableLocalWriter.go:33.138,34.33 1 0
awesomeProject/writers/UnreliableLocalWriter.go:34.33,35.104 1 0
awesomeProject/writers/UnreliableLocalWriter.go:38.2,38.19 1 0
awesomeProject/writers/UnreliableLocalWriter.go:38.19,40.3 1 0
awesomeProject/writers/UnreliableLocalWriter.go:42.2,47.26 5 0
awesomeProject/writers/UnreliableLocalWriter.go:47.26,50.32 3 0
awesomeProject/writers/UnreliableLocalWriter.go:50.32,52.4 1 0
awesomeProject/writers/UnreliableLocalWriter.go:55.3,56.34 2 0
awesomeProject/writers/UnreliableLocalWriter.go:56.34,59.4 2 0
awesomeProject/writers/UnreliableLocalWriter.go:61.3,61.13 1 0
awesomeProject/writers/UnreliableLocalWriter.go:61.13,62.9 1 0
awesomeProject/writers/UnreliableLocalWriter.go:65.3,65.27 1 0
awesomeProject/writers/UnreliableLocalWriter.go:65.27,68.4 2 0
awesomeProject/writers/UnreliableLocalWriter.go:71.3,75.17 4 0
awesomeProject/writers/UnreliableLocalWriter.go:75.17,78.4 2 0
awesomeProject/writers/UnreliableLocalWriter.go:80.3,80.27 1 0
awesomeProject/writers/UnreliableLocalWriter.go:83.2,85.12 2 0
awesomeProject/writers/UnreliableLocalWriter.go:85.12,87.3 1 0
awesomeProject/writers/UnreliableLocalWriter.go:89.2,89.26 1 0
awesomeProject/writers/UnreliableLocalWriter.go:92.85,93.19 1 0
awesomeProject/writers/UnreliableLocalWriter.go:93.19,95.3 1 0
awesomeProject/writers/UnreliableLocalWriter.go:96.2,96.27 1 0
awesomeProject/writers/UnreliableLocalWriter.go:99.60,101.21 2 0
awesomeProject/writers/UnreliableLocalWriter.go:101.21,103.3 1 0
awesomeProject/writers/UnreliableProxyWriter.go:23.104,25.16 2 0
awesomeProject/writers/UnreliableProxyWriter.go:25.16,27.3 1 0
awesomeProject/writers/UnreliableProxyWriter.go:29.2,38.56 2 0
awesomeProject/writers/UnreliableProxyWriter.go:38.56,41.3 2 0
awesomeProject/writers/UnreliableProxyWriter.go:43.2,43.17 1 0
awesomeProject/writers/UnreliableProxyWriter.go:46.69,65.69 9 0
awesomeProject/writers/UnreliableProxyWriter.go:65.69,67.3 1 0
awesomeProject/writers/UnreliableProxyWriter.go:68.2,68.70 1 0
awesomeProject/writers/UnreliableProxyWriter.go:68.70,70.3 1 0
awesomeProject/writers/UnreliableProxyWriter.go:71.2,74.61 3 0
awesomeProject/writers/UnreliableProxyWriter.go:74.61,76.3 1 0
awesomeProject/writers/UnreliableProxyWriter.go:78.2,78.12 1 0
awesomeProject/writers/UnreliableProxyWriter.go:81.138,82.19 1 0
awesomeProject/writers/UnreliableProxyWriter.go:82.19,84.3 1 0
awesomeProject/writers/UnreliableProxyWriter.go:85.2,85.37 1 0
awesomeProject/writers/UnreliableProxyWriter.go:85.37,89.3 3 0
awesomeProject/writers/UnreliableProxyWriter.go:90.2,91.15 2 0
awesomeProject/writers/UnreliableProxyWriter.go:91.15,93.3 1 0
awesomeProject/writers/UnreliableProxyWriter.go:95.2,112.69 7 0
awesomeProject/writers/UnreliableProxyWriter.go:112.69,115.3 2 0
awesomeProject/writers/UnreliableProxyWriter.go:116.2,116.73 1 0
awesomeProject/writers/UnreliableProxyWriter.go:116.73,119.3 2 0
awesomeProject/writers/UnreliableProxyWriter.go:121.2,122.51 2 0
awesomeProject/writers/UnreliableProxyWriter.go:122.51,125.3 2 0
awesomeProject/writers/UnreliableProxyWriter.go:127.2,129.16 3 0
awesomeProject/writers/UnreliableProxyWriter.go:129.16,132.3 2 0
awesomeProject/writers/UnreliableProxyWriter.go:133.2,139.15 5 0
awesomeProject/writers/UnreliableProxyWriter.go:142.87,143.19 1 0
awesomeProject/writers/UnreliableProxyWriter.go:143.19,145.3 1 0
awesomeProject/writers/UnreliableProxyWriter.go:146.2,155.69 4 0
awesomeProject/writers/UnreliableProxyWriter.go:155.69,157.3 1 0
awesomeProject/writers/UnreliableProxyWriter.go:159.2,160.51 2 0
awesomeProject/writers/UnreliableProxyWriter.go:160.51,162.3 1 0
awesomeProject/writers/UnreliableProxyWriter.go:164.2,165.75 2 0
awesomeProject/writers/UnreliableProxyWriter.go:165.75,167.3 1 0
awesomeProject/writers/UnreliableProxyWriter.go:169.2,170.26 2 0
awesomeProject/writers/UnreliableProxyWriter.go:173.62,174.19 1 0
awesomeProject/writers/UnreliableProxyWriter.go:174.19,176.3 1 0
awesomeProject/writers/UnreliableProxyWriter.go:177.2,187.69 5 0
awesomeProject/writers/UnreliableProxyWriter.go:187.69,190.3 2 0
awesomeProject/writers/UnreliableProxyWriter.go:192.2,193.51 2 0
awesomeProject/writers/UnreliableProxyWriter.go:193.51,195.3 1 0
awesomeProject/writers/UnreliableProxyWriter.go:198.30,199.7 1 0
awesomeProject/writers/UnreliableProxyWriter.go:199.7,201.3 1 0
awesomeProject/writers/UnreliableProxyWriter.go:202.2,202.10 1 0
